=== DIRECTION AUC, gb: Bybit OOS | prev overlapping | clean ===
      dir_auc_prev                                    dir_auc_clean                                   
group          ALL      B      F     L2      P    PL2           ALL      B      F     L2      P    PL2
H_min                                                                                                 
5            0.538  0.507  0.512  0.508  0.532  0.533         0.533  0.509  0.514  0.506  0.517  0.527
15           0.542  0.512  0.512  0.506  0.562  0.557         0.538  0.513  0.511  0.509  0.526  0.531
30           0.587  0.512  0.525  0.494  0.588  0.589         0.568  0.512  0.524  0.491  0.541  0.543
60           0.586  0.495  0.527  0.483  0.569  0.566         0.575  0.491  0.520  0.500  0.531  0.530
120          0.570  0.507  0.500  0.492  0.609  0.607         0.562  0.512  0.507  0.493  0.518  0.522
240          0.572  0.497  0.502  0.475  0.607  0.613         0.543  0.495  0.495  0.465  0.532  0.532

=== 30/60 min, all models ===
 H_min group model  bybit_dir_auc  dir_auc_prev  dir_auc_clean  d_dir  bybit_hit_auc  hit_auc_prev  hit_auc_clean  ic_score_fwd_prev  ic_score_fwd_clean
    30     P    gb          0.527         0.588          0.541 -0.047          0.686         0.724          0.719              0.124               0.047
    30     P    lr          0.530         0.558          0.550 -0.008          0.682         0.706          0.704              0.083               0.071
    30     F    gb            NaN         0.525          0.524 -0.001            NaN         0.551          0.552              0.036               0.028
    30     F    lr            NaN         0.552          0.553  0.000            NaN         0.520          0.522              0.098               0.097
    30     B    gb            NaN         0.512          0.512 -0.000            NaN         0.512          0.515              0.034               0.038
    30     B    lr            NaN         0.493          0.494  0.001            NaN         0.497          0.496             -0.015              -0.013
    30    L2    gb          0.515         0.494          0.491 -0.004          0.552         0.533          0.527             -0.004              -0.010
    30    L2    lr          0.514         0.488          0.496  0.008          0.543         0.525          0.521             -0.033              -0.015
    30   PL2    gb          0.527         0.589          0.543 -0.046          0.686         0.724          0.717              0.129               0.052
    30   PL2    lr          0.531         0.507          0.509  0.002          0.684         0.668          0.655             -0.004               0.003
    30   ALL    gb          0.522         0.587          0.568 -0.019          0.683         0.721          0.713              0.124               0.091
    30   ALL    lr          0.529         0.524          0.524 -0.001          0.675         0.647          0.631              0.033               0.034
    60     P    gb          0.522         0.569          0.531 -0.038          0.705         0.744          0.740              0.090               0.026
    60     P    lr          0.531         0.565          0.556 -0.009          0.688         0.712          0.710              0.101               0.085
    60     F    gb          0.510         0.527          0.520 -0.007          0.565         0.531          0.531              0.025               0.004
    60     F    lr          0.510         0.555          0.550 -0.005          0.557         0.521          0.523              0.089               0.087
    60     B    gb          0.509         0.495          0.491 -0.004          0.525         0.514          0.513             -0.001              -0.018
    60     B    lr          0.506         0.503          0.504  0.001          0.537         0.509          0.505             -0.004              -0.001
    60    L2    gb          0.505         0.483          0.500  0.017          0.529         0.521          0.506             -0.031              -0.000
    60    L2    lr          0.502         0.483          0.492  0.009          0.521         0.502          0.499             -0.035              -0.014
    60   PL2    gb          0.526         0.566          0.530 -0.036          0.705         0.744          0.740              0.088               0.022
    60   PL2    lr          0.530         0.497          0.505  0.007          0.687         0.653          0.629             -0.014               0.003
    60   ALL    gb          0.519         0.586          0.575 -0.012          0.700         0.730          0.722              0.113               0.101
    60   ALL    lr          0.524         0.510          0.517  0.007          0.670         0.621          0.587              0.010               0.031

=== logistic direction AUC clean, range: 0.484 0.558

=== HIT AUC gb ===
      hit_auc_prev                                    hit_auc_clean                                   
group          ALL      B      F     L2      P    PL2           ALL      B      F     L2      P    PL2
H_min                                                                                                 
5            0.722  0.519  0.579  0.572  0.723  0.721         0.720  0.523  0.581  0.568  0.720  0.719
15           0.719  0.519  0.560  0.557  0.721  0.721         0.713  0.539  0.560  0.555  0.715  0.715
30           0.721  0.512  0.551  0.533  0.724  0.724         0.713  0.515  0.552  0.527  0.719  0.717
60           0.730  0.514  0.531  0.521  0.744  0.744         0.722  0.513  0.531  0.506  0.740  0.740
120          0.761  0.543  0.547  0.472  0.778  0.778         0.747  0.541  0.548  0.474  0.763  0.763
240          0.821  0.509  0.547  0.463  0.842  0.842         0.803  0.528  0.556  0.455  0.824  0.825

=== VOL R2 ===
 H_min   model  bybit_r2  r2_external_prev  r2_external_clean  spearman_prev  spearman_clean
     5 vol_hgb     0.683             0.716              0.715          0.848           0.848
     5 vol_har     0.680             0.703              0.702          0.842           0.842
    15 vol_hgb     0.767             0.763              0.762          0.873           0.872
    15 vol_har     0.767             0.740              0.739          0.863           0.863
    30 vol_hgb     0.771             0.774              0.772          0.880           0.878
    30 vol_har     0.768             0.742              0.741          0.865           0.865
    60 vol_hgb     0.768             0.777              0.768          0.877           0.872
    60 vol_har     0.758             0.718              0.716          0.849           0.848
   120 vol_hgb     0.737             0.772              0.765          0.871           0.866
   120 vol_har     0.722             0.658              0.655          0.814           0.812
   240 vol_hgb     0.691             0.733              0.715          0.838           0.830
   240 vol_har     0.662             0.557              0.551          0.746           0.742

=== P&L fixed hold, P_gb / PL2_gb / ALL_gb, all signals and top10% (ev and score) ===
 H_min group select  top_frac  n_trades_prev  win_rate_prev  gross_bps_prev  spread_rt_bps_prev  net_bps_prev days_pos_prev  t_daily_prev  n_trades_clean  win_rate_clean  gross_bps_clean  spread_rt_bps_clean  net_bps_clean days_pos_clean  t_daily_clean
     5     P  score       0.1           1163           0.58            0.95                1.79         -1.84           1/9         -2.26            1162            0.55             0.33                 1.81          -2.48            1/9          -2.72
     5     P  score       1.0          11615           0.52            0.15                1.63         -2.48           0/9         -6.57           11615            0.51             0.04                 1.63          -2.59            0/9          -7.14
     5     P     ev       0.1           1162           0.55            0.22                2.16         -2.94           1/9         -2.02            1162            0.52            -0.23                 2.15          -3.38            2/9          -2.13
     5     P     ev       1.0          11615           0.52            0.15                1.63         -2.48           0/9         -6.57           11615            0.51             0.04                 1.63          -2.59            0/9          -7.14
     5   PL2  score       0.1           1162           0.55            0.47                1.80         -2.33           0/9         -3.09            1162            0.53             0.16                 1.85          -2.69            0/9          -3.23
     5   PL2  score       1.0          11615           0.52            0.27                1.63         -2.35           0/9         -7.35           11615            0.52             0.22                 1.63          -2.41            0/9          -7.94
     5   PL2     ev       0.1           1162           0.51           -0.33                2.13         -3.46           2/9         -2.37            1162            0.49            -0.67                 2.15          -3.81            1/9          -2.95
     5   PL2     ev       1.0          11615           0.52            0.27                1.63         -2.35           0/9         -7.35           11615            0.52             0.22                 1.63          -2.41            0/9          -7.94
     5   ALL  score       0.1           1162           0.56            0.71                1.65         -1.93           0/9         -2.93            1162            0.55             0.78                 1.65          -1.87            2/9          -2.71
     5   ALL  score       1.0          11615           0.51            0.10                1.63         -2.53           0/9         -8.45           11615            0.51             0.14                 1.63          -2.49            0/9          -8.26
     5   ALL     ev       0.1           1162           0.51           -0.29                2.06         -3.35           2/9         -2.18            1162            0.50            -0.50                 2.08          -3.57            2/9          -2.18
     5   ALL     ev       1.0          11615           0.51            0.10                1.63         -2.53           0/9         -8.45           11615            0.51             0.14                 1.63          -2.49            0/9          -8.26
    15     P  score       0.1           1161           0.56           -0.78                1.77         -3.55           5/9         -1.56            1161            0.54            -1.42                 1.74          -4.16            3/9          -2.07
    15     P  score       1.0          11605           0.54            0.49                1.63         -2.14           0/9         -2.96           11605            0.52            -0.10                 1.63          -2.73            0/9          -4.05
    15     P     ev       0.1           1161           0.52           -0.82                2.10         -3.92           4/9         -0.95            1161            0.48            -2.23                 2.15          -5.38            4/9          -1.51
    15     P     ev       1.0          11605           0.54            0.49                1.63         -2.14           0/9         -2.96           11605            0.52            -0.10                 1.63          -2.73            0/9          -4.05
    15   PL2  score       0.1           1161           0.58           -0.39                1.72         -3.11           6/9         -1.18            1161            0.54            -0.95                 1.74          -3.69            4/9          -1.38
    15   PL2  score       1.0          11605           0.54            0.64                1.63         -1.99           0/9         -2.85           11605            0.52            -0.02                 1.63          -2.65            0/9          -3.90
    15   PL2     ev       0.1           1161           0.52           -1.13                2.10         -4.23           5/9         -1.00            1161            0.48            -2.28                 2.10          -5.38            3/9          -1.28
    15   PL2     ev       1.0          11605           0.54            0.64                1.63         -1.99           0/9         -2.85           11605            0.52            -0.02                 1.63          -2.65            0/9          -3.90
    15   ALL  score       0.1           1161           0.57            0.77                1.61         -1.83           4/9         -0.97            1161            0.56             0.93                 1.61          -1.68            4/9          -1.18
    15   ALL  score       1.0          11605           0.51            0.16                1.63         -2.47           0/9         -6.44           11605            0.52             0.24                 1.63          -2.39            0/9          -6.26
    15   ALL     ev       0.1           1161           0.47           -2.57                2.06         -5.63           2/9         -1.98            1161            0.45            -4.19                 2.04          -7.23            1/9          -1.93
    15   ALL     ev       1.0          11605           0.51            0.16                1.63         -2.47           0/9         -6.44           11605            0.52             0.24                 1.63          -2.39            0/9          -6.26
    30     P  score       0.1           1166           0.67            1.27                1.54         -1.26           7/9         -0.20            1159            0.59            -2.68                 1.48          -5.17            4/9          -1.10
    30     P  score       1.0          11590           0.56            1.09                1.63         -1.55           4/9         -1.32           11590            0.53            -0.05                 1.63          -2.68            2/9          -2.37
    30     P     ev       0.1           1159           0.56           -1.38                1.89         -4.27           4/9         -0.66            1159            0.50            -4.37                 1.99          -7.36            5/9          -1.23
    30     P     ev       1.0          11590           0.56            1.09                1.63         -1.55           4/9         -1.32           11590            0.53            -0.05                 1.63          -2.68            2/9          -2.37
    30   PL2  score       0.1           1159           0.65            0.11                1.50         -2.39           6/9         -0.35            1159            0.59            -2.27                 1.48          -4.76            5/9          -0.85
    30   PL2  score       1.0          11590           0.56            1.33                1.63         -1.30           5/9         -1.08           11590            0.53             0.13                 1.63          -2.50            2/9          -2.08
    30   PL2     ev       0.1           1159           0.59            1.46                1.88         -1.42           7/9         -0.20            1159            0.50            -3.62                 2.01          -6.63            4/9          -1.00
    30   PL2     ev       1.0          11590           0.56            1.33                1.63         -1.30           5/9         -1.08           11590            0.53             0.13                 1.63          -2.50            2/9          -2.08
    30   ALL  score       0.1           1164           0.65            3.97                1.40          1.57           6/9          1.18            1159            0.59             1.34                 1.42          -1.08            5/9          -0.67
    30   ALL  score       1.0          11590           0.52            0.25                1.63         -2.38           1/9         -4.34           11590            0.52             0.20                 1.63          -2.43            1/9          -3.66
    30   ALL     ev       0.1           1159           0.47           -5.54                1.90         -8.44           3/9         -1.42            1159            0.44            -7.40                 1.98         -10.38            2/9          -1.78
    30   ALL     ev       1.0          11590           0.52            0.25                1.63         -2.38           1/9         -4.34           11590            0.52             0.20                 1.63          -2.43            1/9          -3.66
    60     P  score       0.1           1156           0.61            0.10                1.46         -2.36           7/9         -0.26            1157            0.55            -4.35                 1.51          -6.86            6/9          -0.76
    60     P  score       1.0          11560           0.54            0.11                1.63         -2.52           3/9         -1.09           11560            0.52            -1.00                 1.63          -3.63            5/9          -1.30
    60     P     ev       0.1           1156           0.50           -4.62                1.85         -7.47           4/9         -0.55            1156            0.42           -11.16                 1.90         -14.06            3/9          -1.18
    60     P     ev       1.0          11560           0.54            0.11                1.63         -2.52           3/9         -1.09           11560            0.52            -1.00                 1.63          -3.63            5/9          -1.30
    60   PL2  score       0.1           1156           0.61            0.69                1.47         -1.78           7/9         -0.19            1166            0.53            -5.07                 1.53          -7.60            5/9          -0.88
    60   PL2  score       1.0          11560           0.53           -0.76                1.63         -3.39           4/9         -1.35           11560            0.52            -1.08                 1.63          -3.71            3/9          -1.47
    60   PL2     ev       0.1           1156           0.53           -0.04                1.87         -2.92           5/9         -0.23            1156            0.41           -13.15                 1.92         -16.06            2/9          -1.27
    60   PL2     ev       1.0          11560           0.53           -0.76                1.63         -3.39           4/9         -1.35           11560            0.52            -1.08                 1.63          -3.71            3/9          -1.47
    60   ALL  score       0.1           1157           0.62           -1.43                1.47         -3.90           6/9         -0.41            1156            0.61             1.32                 1.57          -1.25            5/9          -0.17
    60   ALL  score       1.0          11560           0.52           -0.71                1.63         -3.34           1/9         -2.79           11560            0.52             0.05                 1.63          -2.58            1/9          -2.12
    60   ALL     ev       0.1           1156           0.50           -6.90                1.93         -9.83           3/9         -0.95            1156            0.47           -13.52                 1.95         -16.47            2/9          -1.46
    60   ALL     ev       1.0          11560           0.52           -0.71                1.63         -3.34           1/9         -2.79           11560            0.52             0.05                 1.63          -2.58            1/9          -2.12
   120     P  score       0.1           1166           0.62            2.92                1.48          0.44           7/9          0.03            1156            0.46            -4.22                 1.60          -6.82            7/9          -0.58
   120     P  score       1.0          11500           0.59            0.61                1.64         -2.03           5/9         -0.39           11500            0.51            -4.26                 1.64          -6.90            3/9          -1.09
   120     P     ev       0.1           1150           0.49           -5.10                1.92         -8.03           4/9         -0.37            1150            0.40           -16.29                 1.89         -19.18            4/9          -1.01
   120     P     ev       1.0          11500           0.59            0.61                1.64         -2.03           5/9         -0.39           11500            0.51            -4.26                 1.64          -6.90            3/9          -1.09
   120   PL2  score       0.1           1151           0.60            0.46                1.48         -2.02           6/9         -0.14            1157            0.45            -3.67                 1.59          -6.26            7/9          -0.44
   120   PL2  score       1.0          11500           0.59            0.23                1.64         -2.40           5/9         -0.45           11500            0.52            -3.83                 1.64          -6.47            3/9          -1.08
   120   PL2     ev       0.1           1150           0.47           -8.63                1.94        -11.57           4/9         -0.52            1150            0.40           -18.53                 1.90         -21.43            4/9          -1.01
   120   PL2     ev       1.0          11500           0.59            0.23                1.64         -2.40           5/9         -0.45           11500            0.52            -3.83                 1.64          -6.47            3/9          -1.08
   120   ALL  score       0.1           1150           0.60            4.28                1.62          1.66           7/9          0.15            1166            0.61             2.84                 1.63           0.21            6/9           0.02
   120   ALL  score       1.0          11500           0.52           -0.09                1.64         -2.72           2/9         -1.21           11500            0.52            -0.03                 1.64          -2.66            2/9          -1.18
   120   ALL     ev       0.1           1150           0.47          -14.78                1.90        -17.67           2/9         -0.87            1150            0.47           -14.34                 1.87         -17.21            2/9          -0.86
   120   ALL     ev       1.0          11500           0.52           -0.09                1.64         -2.72           2/9         -1.21           11500            0.52            -0.03                 1.64          -2.66            2/9          -1.18
   240     P  score       0.1           1139           0.69           15.99                1.56         13.44           6/9          1.02            1138            0.52            -0.89                 1.60          -3.49            5/9          -0.30
   240     P  score       1.0          11380           0.57           -1.00                1.64         -3.64           6/9         -0.36           11380            0.52            -6.65                 1.64          -9.29            5/9          -1.06
   240     P     ev       0.1           1138           0.70           12.22                1.86          9.35           4/9          0.35            1138            0.40           -26.87                 1.65         -29.52            2/9          -1.51
   240     P     ev       1.0          11380           0.57           -1.00                1.64         -3.64           6/9         -0.36           11380            0.52            -6.65                 1.64          -9.29            5/9          -1.06
   240   PL2  score       0.1           1138           0.71           17.09                1.55         14.55           6/9          1.32            1144            0.53            -2.84                 1.58          -5.43            6/9          -0.51
   240   PL2  score       1.0          11380           0.57           -1.59                1.64         -4.24           6/9         -0.45           11380            0.52            -6.10                 1.64          -8.75            5/9          -0.96
   240   PL2     ev       0.1           1138           0.74           18.02                1.86         15.16           3/9          0.57            1138            0.41           -24.57                 1.65         -27.22            2/9          -1.50
   240   PL2     ev       1.0          11380           0.57           -1.59                1.64         -4.24           6/9         -0.45           11380            0.52            -6.10                 1.64          -8.75            5/9          -0.96
   240   ALL  score       0.1           1144           0.55           -7.18                1.63         -9.81           2/9         -1.89            1154            0.52             0.24                 1.60          -2.36            5/9          -0.30
   240   ALL  score       1.0          11380           0.53            0.02                1.64         -2.62           3/9         -0.54           11380            0.53             0.02                 1.64          -2.62            3/9          -0.54
   240   ALL     ev       0.1           1138           0.52          -24.14                1.69        -26.84           2/9         -0.76            1138            0.50           -24.93                 1.78         -27.71            2/9          -0.75
   240   ALL     ev       1.0          11380           0.53            0.02                1.64         -2.62           3/9         -0.54           11380            0.53             0.02                 1.64          -2.62            3/9          -0.54

=== P&L fixed hold ev top10% all groups/models (clean) ===
 H_min group model  n_trades_prev  win_rate_prev  gross_bps_prev  spread_rt_bps_prev  net_bps_prev days_pos_prev  t_daily_prev  n_trades_clean  win_rate_clean  gross_bps_clean  spread_rt_bps_clean  net_bps_clean days_pos_clean  t_daily_clean
     5     P    gb           1162           0.55            0.22                2.16         -2.94           1/9         -2.02            1162            0.52            -0.23                 2.15          -3.38            2/9          -2.13
     5     P    lr           1162           0.54            0.66                2.12         -2.46           3/9         -1.54            1162            0.55             0.84                 2.12          -2.28            2/9          -1.40
     5     F    gb           1162           0.52            0.72                2.00         -2.28           0/9         -2.72            1162            0.53             0.62                 1.97          -2.35            1/9          -1.98
     5     F    lr           1162           0.54            0.97                2.10         -2.13           1/9         -2.09            1162            0.54             0.83                 2.10          -2.26            0/9          -2.45
     5     B    gb           1162           0.49           -0.14                1.82         -2.96           0/9         -2.39            1162            0.49            -0.32                 1.83          -3.15            0/9          -2.30
     5     B    lr           1162           0.48           -0.50                1.84         -3.33           0/9         -2.67            1162            0.49            -0.55                 1.85          -3.40            0/9          -2.71
     5    L2    gb           1162           0.49           -0.33                2.03         -3.37           0/9         -2.42            1162            0.49            -0.20                 2.07          -3.27            0/9          -2.54
     5    L2    lr           1162           0.50            0.12                2.00         -2.88           0/9         -3.25            1162            0.49             0.17                 1.90          -2.72            0/9          -3.43
     5   PL2    gb           1162           0.51           -0.33                2.13         -3.46           2/9         -2.37            1162            0.49            -0.67                 2.15          -3.81            1/9          -2.95
     5   PL2    lr           1162           0.52            0.49                2.02         -2.53           1/9         -2.64            1162            0.52             1.18                 1.99          -1.81            0/9          -2.69
     5   ALL    gb           1162           0.51           -0.29                2.06         -3.35           2/9         -2.18            1162            0.50            -0.50                 2.08          -3.57            2/9          -2.18
     5   ALL    lr           1162           0.50           -0.06                1.88         -2.94           0/9         -3.71            1162            0.50            -0.15                 1.84          -2.99            0/9          -3.61
    15     P    gb           1161           0.52           -0.82                2.10         -3.92           4/9         -0.95            1161            0.48            -2.23                 2.15          -5.38            4/9          -1.51
    15     P    lr           1161           0.53           -0.14                2.11         -3.25           3/9         -0.72            1161            0.52            -0.07                 2.10          -3.17            3/9          -0.74
    15     F    gb           1161           0.52           -0.01                1.98         -2.99           1/9         -1.86            1161            0.50            -0.58                 1.95          -3.54            1/9          -1.97
    15     F    lr           1161           0.56            4.54                2.09          1.46           5/9          0.69            1161            0.56             4.56                 2.09           1.47            5/9           0.68
    15     B    gb           1161           0.44           -1.71                1.82         -4.53           1/9         -1.34            1161            0.45            -1.39                 1.87          -4.25            2/9          -1.21
    15     B    lr           1161           0.47           -1.66                1.82         -4.48           1/9         -1.83            1161            0.47            -1.64                 1.83          -4.48            1/9          -1.87
    15    L2    gb           1161           0.47           -1.22                2.07         -4.29           1/9         -1.75            1161            0.49            -0.60                 2.00          -3.60            1/9          -1.82
    15    L2    lr           1161           0.48           -0.73                1.84         -3.57           1/9         -2.09            1161            0.48            -1.11                 1.81          -3.91            1/9          -2.48
    15   PL2    gb           1161           0.52           -1.13                2.10         -4.23           5/9         -1.00            1161            0.48            -2.28                 2.10          -5.38            3/9          -1.28
    15   PL2    lr           1161           0.49           -0.46                1.90         -3.36           3/9         -2.19            1161            0.50            -0.25                 1.84          -3.09            2/9          -2.13
    15   ALL    gb           1161           0.47           -2.57                2.06         -5.63           2/9         -1.98            1161            0.45            -4.19                 2.04          -7.23            1/9          -1.93
    15   ALL    lr           1161           0.50            0.11                1.78         -2.67           2/9         -1.57            1161            0.50            -0.28                 1.71          -2.99            2/9          -1.83
    30     P    gb           1159           0.56           -1.38                1.89         -4.27           4/9         -0.66            1159            0.50            -4.37                 1.99          -7.36            5/9          -1.23
    30     P    lr           1159           0.48           -3.87                2.06         -6.94           3/9         -0.91            1159            0.47            -4.78                 2.05          -7.84            3/9          -0.98
    30     F    gb           1159           0.55            1.72                1.80         -1.08           2/9         -1.58            1159            0.55            -0.27                 1.88          -3.14            2/9          -1.23
    30     F    lr           1159           0.62            8.68                2.08          5.60           5/9          1.10            1159            0.61             8.46                 2.06           5.40            5/9           1.02
    30     B    gb           1159           0.49           -0.54                1.82         -3.36           3/9         -0.58            1159            0.50            -0.43                 1.82          -3.25            4/9          -0.55
    30     B    lr           1159           0.47           -2.90                1.70         -5.60           2/9         -1.68            1159            0.48            -2.31                 1.74          -5.05            3/9          -1.37
    30    L2    gb           1159           0.47           -2.21                2.26         -5.47           2/9         -1.02            1159            0.46            -3.11                 2.27          -6.37            2/9          -1.17
    30    L2    lr           1159           0.47           -1.05                1.95         -4.00           2/9         -1.99            1159            0.51             0.81                 1.95          -2.13            1/9          -1.42
    30   PL2    gb           1159           0.59            1.46                1.88         -1.42           7/9         -0.20            1159            0.50            -3.62                 2.01          -6.63            4/9          -1.00
    30   PL2    lr           1159           0.47           -3.43                2.06         -6.49           1/9         -2.37            1159            0.50            -1.16                 2.09          -4.26            2/9          -1.77
    30   ALL    gb           1159           0.47           -5.54                1.90         -8.44           3/9         -1.42            1159            0.44            -7.40                 1.98         -10.38            2/9          -1.78
    30   ALL    lr           1159           0.50            0.07                1.98         -2.92           4/9         -0.70            1159            0.51             1.10                 1.96          -1.87            3/9          -0.51
    60     P    gb           1156           0.50           -4.62                1.85         -7.47           4/9         -0.55            1156            0.42           -11.16                 1.90         -14.06            3/9          -1.18
    60     P    lr           1156           0.42           -7.21                2.03        -10.24           4/9         -0.71            1156            0.40            -9.46                 2.02         -12.48            3/9          -0.85
    60     F    gb           1156           0.57            4.31                1.84          1.47           4/9          0.63            1156            0.50            -4.04                 2.03          -7.07            4/9          -0.83
    60     F    lr           1156           0.55           12.13                2.06          9.07           5/9          1.04            1156            0.57            10.42                 2.02           7.39            5/9           0.97
    60     B    gb           1156           0.44           -6.24                1.84         -9.07           3/9         -0.70            1156            0.43            -7.29                 1.82         -10.11            3/9          -0.77
    60     B    lr           1156           0.48           -3.07                1.86         -5.93           4/9         -1.31            1156            0.49            -3.88                 1.82          -6.70            2/9          -1.28
    60    L2    gb           1156           0.45           -9.02                2.29        -12.31           1/9         -1.53            1156            0.47            -7.05                 2.18         -10.23            1/9          -1.36
    60    L2    lr           1156           0.47            0.08                1.79         -2.71           1/9         -0.92            1156            0.49             2.61                 1.82          -0.21            3/9          -0.08
    60   PL2    gb           1156           0.53           -0.04                1.87         -2.92           5/9         -0.23            1156            0.41           -13.15                 1.92         -16.06            2/9          -1.27
    60   PL2    lr           1156           0.46           -3.14                1.89         -6.03           2/9         -1.55            1156            0.48            -1.30                 1.90          -4.21            3/9          -1.17
    60   ALL    gb           1156           0.50           -6.90                1.93         -9.83           3/9         -0.95            1156            0.47           -13.52                 1.95         -16.47            2/9          -1.46
    60   ALL    lr           1156           0.46           -7.85                1.82        -10.68           2/9         -1.63            1156            0.48            -4.44                 1.65          -7.09            2/9          -1.19
   120     P    gb           1150           0.49           -5.10                1.92         -8.03           4/9         -0.37            1150            0.40           -16.29                 1.89         -19.18            4/9          -1.01
   120     P    lr           1150           0.45          -17.14                2.03        -20.17           3/9         -0.84            1150            0.45           -17.53                 2.03         -20.57            3/9          -0.82
   120     F    gb           1150           0.48           -4.20                2.08         -7.29           5/9         -0.87            1150            0.46           -10.51                 2.07         -13.58            2/9          -1.58
   120     F    lr           1150           0.61            8.61                2.05          5.56           3/9          0.64            1150            0.63            12.09                 2.00           9.09            4/9           1.62
   120     B    gb           1150           0.44           -7.07                1.88         -9.95           4/9         -0.77            1150            0.45            -8.02                 1.91         -10.93            4/9          -0.77
   120     B    lr           1150           0.52            3.27                2.06          0.21           3/9          0.04            1150            0.55             4.95                 2.07           1.88            4/9           0.35
   120    L2    gb           1150           0.48           -2.16                1.86         -5.02           2/9         -1.08            1150            0.44           -11.46                 1.82         -14.28            2/9          -1.91
   120    L2    lr           1150           0.46           -4.72                1.93         -7.65           1/9         -1.27            1150            0.48            -2.34                 1.89          -5.24            1/9          -0.83
   120   PL2    gb           1150           0.47           -8.63                1.94        -11.57           4/9         -0.52            1150            0.40           -18.53                 1.90         -21.43            4/9          -1.01
   120   PL2    lr           1150           0.46          -11.41                2.04        -14.45           3/9         -1.80            1150            0.48            -8.27                 1.98         -11.25            3/9          -1.84
   120   ALL    gb           1150           0.47          -14.78                1.90        -17.67           2/9         -0.87            1150            0.47           -14.34                 1.87         -17.21            2/9          -0.86
   120   ALL    lr           1150           0.48          -12.26                1.89        -15.15           1/9         -1.45            1150            0.46           -13.43                 1.85         -16.28            1/9          -1.38
   240     P    gb           1138           0.70           12.22                1.86          9.35           4/9          0.35            1138            0.40           -26.87                 1.65         -29.52            2/9          -1.51
   240     P    lr           1138           0.55          -10.92                2.10        -14.03           4/9         -0.35            1138            0.55           -10.21                 2.11         -13.32            4/9          -0.33
   240     F    gb           1138           0.47           -3.19                1.98         -6.16           4/9         -0.82            1138            0.44            -7.42                 2.01         -10.43            3/9          -1.23
   240     F    lr           1138           0.62           20.80                2.00         17.80           4/9          1.66            1138            0.59            19.62                 2.00          16.61            4/9           1.27
   240     B    gb           1138           0.43          -28.13                1.87        -31.00           3/9         -1.24            1138            0.44           -25.47                 1.90         -28.37            3/9          -1.18
   240     B    lr           1138           0.49            1.75                1.98         -1.23           4/9         -0.21            1138            0.50             2.07                 1.98          -0.91            4/9          -0.16
   240    L2    gb           1138           0.47          -18.52                2.02        -21.54           2/9         -1.19            1138            0.43           -19.68                 1.85         -22.53            3/9          -1.66
   240    L2    lr           1138           0.50           -5.32                1.59         -7.91           1/9         -2.02            1138            0.49            -4.77                 1.61          -7.37            2/9          -2.29
   240   PL2    gb           1138           0.74           18.02                1.86         15.16           3/9          0.57            1138            0.41           -24.57                 1.65         -27.22            2/9          -1.50
   240   PL2    lr           1138           0.49           -6.01                1.76         -8.77           4/9         -1.06            1138            0.50            -1.96                 1.75          -4.71            5/9          -0.90
   240   ALL    gb           1138           0.52          -24.14                1.69        -26.84           2/9         -0.76            1138            0.50           -24.93                 1.78         -27.71            2/9          -0.75
   240   ALL    lr           1138           0.50          -14.05                1.81        -16.86           3/9         -0.99            1138            0.49           -15.72                 1.83         -18.55            3/9          -1.02

net-positive cells (fixed hold, ev): prev 27 clean 21 of 288 | clean cells with t>=2: 1 | max clean t: 2.01
best clean net cells:
 H_min group model select  top_frac  n_trades_prev  win_rate_prev  gross_bps_prev  spread_rt_bps_prev  net_bps_prev days_pos_prev  t_daily_prev  n_trades_clean  win_rate_clean  gross_bps_clean  spread_rt_bps_clean  net_bps_clean days_pos_clean  t_daily_clean
   240     F    lr     ev      0.05            569           0.64           27.06                2.19         23.87           5/9          1.36             569            0.60            22.53                 2.12          19.41            4/9           1.21
   240     F    lr     ev      0.10           1138           0.62           20.80                2.00         17.80           4/9          1.66            1138            0.59            19.62                 2.00          16.61            4/9           1.27
    60     F    lr     ev      0.05            578           0.55           18.12                2.38         14.75           4/9          0.87             578            0.59            14.74                 2.23          11.52            5/9           0.85
   120     F    lr     ev      0.10           1150           0.61            8.61                2.05          5.56           3/9          0.64            1150            0.63            12.09                 2.00           9.09            4/9           1.62
   120     F    lr     ev      0.20           2300           0.60            7.91                1.93          4.98           4/9          0.68            2300            0.61            11.59                 1.93           8.66            5/9           1.48
    30     F    lr     ev      0.05            580           0.63           12.32                2.30          9.02           5/9          1.03             580            0.62            11.68                 2.25           8.43            5/9           0.96
   120     F    lr     ev      0.05            575           0.59            7.61                2.12          4.49           4/9          0.38             575            0.65            10.83                 2.03           7.80            3/9           1.20
    60     F    lr     ev      0.10           1156           0.55           12.13                2.06          9.07           5/9          1.04            1156            0.57            10.42                 2.02           7.39            5/9           0.97

=== sequential sims, net>0 in either run ===
 H_min group model                             sim  n_trades_prev  win_rate_prev  gross_bps_prev  net_bps_prev days_pos_prev  t_daily_prev  n_trades_clean  win_rate_clean  gross_bps_clean  net_bps_clean days_pos_clean  t_daily_clean
    30     F    lr sequential fixed-hold top10% ev             99           0.55            4.69          1.74           4/9          0.76              98            0.57             6.01           3.09            4/9           1.30
    30   PL2    gb sequential fixed-hold top10% ev             84           0.61            4.38          1.45           7/9          0.31              98            0.57             0.61          -2.67            5/9          -0.55
    60     F    gb sequential fixed-hold top10% ev             59           0.56            7.31          4.40           4/9          1.14              56            0.52            -4.11          -7.21            3/9          -1.48
    60     F    lr sequential fixed-hold top10% ev             65           0.51            2.10         -0.75           3/9         -0.18              61            0.51             4.08           1.34            5/9           0.29
    60   ALL    gb sequential fixed-hold top10% ev             42           0.64            4.83          1.65           4/9          0.32              32            0.53            -8.30         -11.28            1/9          -1.45
   120     F    gb sequential fixed-hold top10% ev             36           0.53            4.92          1.98           4/9          0.16              30            0.60             6.70           3.63            4/9           0.25
   120     F    lr sequential fixed-hold top10% ev             39           0.59            3.62          0.66           3/9          0.06              40            0.57             3.88           0.85            3/9           0.09
   120   PL2    lr sequential fixed-hold top10% ev             65           0.49           -6.75         -9.72           4/9         -1.35              66            0.64             8.87           6.07            6/9           0.68
   240     F    gb sequential fixed-hold top10% ev             25           0.56           11.17          7.89           4/9          0.47              23            0.57            17.54          14.96            5/9           0.91
   240   PL2    lr sequential fixed-hold top10% ev             33           0.58           10.95          8.08           4/9          1.03              33            0.55             6.66           3.88            4/9           0.55

=== strategies ===
                                strategy  n_trades_prev  win_rate_prev  gross_bps_prev  net_bps_prev days_pos_prev  t_daily_prev  n_trades_clean  win_rate_clean  gross_bps_clean  net_bps_clean days_pos_clean  t_daily_clean
     breakout PRIMARY expansion d=1 2to1             54           0.26           -5.17         -8.62           2/9         -1.60              49            0.29            -8.73         -12.01            2/9          -2.42
                 breakout level d=1 2to1             46           0.24          -12.62        -16.17           2/9         -2.38              44            0.23           -12.48         -16.24            1/9          -3.33
         breakout unconditional d=1 2to1             84           0.26           -5.26         -8.55           1/9         -2.01              83            0.28            -4.89          -8.11            1/9          -2.62
             breakout expansion d=1 1to1             65           0.46           -0.66         -4.04           3/9         -0.98              63            0.51            -0.18          -3.49            4/9          -0.60
        fade level d=1.5 target1d stop2d             19           0.68           -2.48         -3.20           3/9         -0.27              18            0.61           -11.43         -12.40            3/9          -0.82
    fade expansion d=1 target0.5d stop3d             70           0.81           -2.34         -2.66           5/9         -0.60              62            0.81            -3.85          -4.21            6/9          -0.68
fade unconditional d=1.5 target1d stop3d             37           0.68            6.93          6.35           6/9          0.96              40            0.72            11.81          11.30            8/9           1.35

share dir AUC>0.52 prev: 0.458 clean: 0.444
