12:59:21 bars: bars_1m_v2.parquet (132,480 minutes, 67 l2_* columns)
  H                       day    n  up_share  auc_P_gb  day_ret_bps
 30 2026-09-25 00:00:00+00:00  880     0.486     0.557      -53.438
 30 2026-09-26 00:00:00+00:00 1440     0.544     0.547       40.485
 30 2026-09-27 00:00:00+00:00 1440     0.565     0.641        9.833
 30 2026-09-28 00:00:00+00:00 1440     0.449     0.608     -111.615
 30 2026-09-29 00:00:00+00:00 1440     0.521     0.523       24.341
 30 2026-09-30 00:00:00+00:00 1440     0.465     0.514      -13.446
 30 2026-10-01 00:00:00+00:00 1440     0.558     0.564      154.918
 30 2026-10-02 00:00:00+00:00 1440     0.475     0.497      -35.785
 30 2026-10-03 00:00:00+00:00  630     0.533     0.669        8.456
 60 2026-09-25 00:00:00+00:00  880     0.478     0.602      -53.438
 60 2026-09-26 00:00:00+00:00 1440     0.563     0.676       40.485
 60 2026-09-27 00:00:00+00:00 1440     0.507     0.597        9.833
 60 2026-09-28 00:00:00+00:00 1440     0.435     0.627     -111.615
 60 2026-09-29 00:00:00+00:00 1440     0.565     0.488       24.341
 60 2026-09-30 00:00:00+00:00 1440     0.447     0.602      -13.446
 60 2026-10-01 00:00:00+00:00 1440     0.612     0.629      154.918
 60 2026-10-02 00:00:00+00:00 1440     0.541     0.405      -35.785
 60 2026-10-03 00:00:00+00:00  600     0.525     0.762        9.225
120 2026-09-25 00:00:00+00:00  880     0.448     0.575      -53.438
120 2026-09-26 00:00:00+00:00 1440     0.512     0.781       40.485
120 2026-09-27 00:00:00+00:00 1440     0.550     0.450        9.833
120 2026-09-28 00:00:00+00:00 1440     0.367     0.649     -111.615
120 2026-09-29 00:00:00+00:00 1440     0.581     0.518       24.341
120 2026-09-30 00:00:00+00:00 1440     0.422     0.583      -13.446
120 2026-10-01 00:00:00+00:00 1440     0.624     0.770      154.918
120 2026-10-02 00:00:00+00:00 1440     0.620     0.311      -35.785
120 2026-10-03 00:00:00+00:00  540     0.452     0.723       11.412
240 2026-09-25 00:00:00+00:00  880     0.462     0.417      -53.438
240 2026-09-26 00:00:00+00:00 1440     0.620     0.474       40.485
240 2026-09-27 00:00:00+00:00 1440     0.550     0.407        9.833
240 2026-09-28 00:00:00+00:00 1440     0.352     0.838     -111.615
240 2026-09-29 00:00:00+00:00 1440     0.581     0.312       24.341
240 2026-09-30 00:00:00+00:00 1440     0.376     0.477      -13.446
240 2026-10-01 00:00:00+00:00 1440     0.694     0.828      154.918
240 2026-10-02 00:00:00+00:00 1440     0.622     0.367      -35.785
240 2026-10-03 00:00:00+00:00  420     0.421     0.703        7.215

per-H: days with AUC>0.5, median AUC, pooled AUC (from transfer_skill), sign agreement of day_ret and up_share
30 8/9 days>0.5  median 0.557  min 0.497 max 0.669  up_share range 0.45-0.56
60 7/9 days>0.5  median 0.602  min 0.405 max 0.762  up_share range 0.43-0.61
120 7/9 days>0.5  median 0.583  min 0.311 max 0.781  up_share range 0.37-0.62
240 3/9 days>0.5  median 0.474  min 0.312 max 0.838  up_share range 0.35-0.69

raw momentum feature AUC (no model):
  H feature  auc_bitfinex  auc_bybit
 30   ret_1         0.490      0.490
 30   ret_5         0.475      0.484
 30  ret_15         0.477      0.479
 30  ret_60         0.482      0.469
 30 ret_240         0.464      0.481
 60   ret_1         0.494      0.491
 60   ret_5         0.491      0.483
 60  ret_15         0.494      0.477
 60  ret_60         0.477      0.468
 60 ret_240         0.456      0.478
120   ret_1         0.500      0.494
120   ret_5         0.494      0.489
120  ret_15         0.488      0.482
120  ret_60         0.485      0.476
120 ret_240         0.451      0.476
240   ret_1         0.497      0.495
240   ret_5         0.493      0.491
240  ret_15         0.485      0.486
240  ret_60         0.468      0.479
240 ret_240         0.460      0.467
